[BootStrap]
File1=1,,setup1.ex_,setup1.exe,$(WinPath),,,3/5/1997 17:11:36,165376,5.0.0.3905,"","",""
File2=1,,VB5StKit.dl_,VB5StKit.dll,$(WinSysPath),,$(Shared),1/16/1997 0:00:00,29696,5.0.37.16,"","",""
File3=1,,MSVBVM50.dl_,MSVBVM50.dll,$(WinSysPathSysFile),$(DLLSelfRegister),,7/19/1997 16:55:40,1347344,5.1.43.19,"","",""
File4=1,,StdOle2.tl_,StdOle2.tlb,$(WinSysPathSysFile),$(TLBRegister),,5/19/1997 8:08:12,16896,2.20.4118.1,"","",""
File5=1,,OleAut32.dl_,OleAut32.dll,$(WinSysPathSysFile),$(DLLSelfRegister),,5/19/1997 8:08:12,492304,2.20.4118.1,"","",""
File6=1,,OlePro32.dl_,OlePro32.dll,$(WinSysPathSysFile),$(DLLSelfRegister),,5/19/1997 8:08:12,114960,5.0.4118.1,"","",""
File7=1,,AsycFilt.dl_,AsycFilt.dll,$(WinSysPathSysFile),,,5/19/1997 8:08:10,118544,2.20.4118.1,"","",""
File8=1,,Ctl3d32.dl_,Ctl3d32.dll,$(WinSysPathSysFile),,,8/21/1996 0:00:00,27136,2.31.0.0,"","",""
File9=1,,ComCat.dl_,ComCat.dll,$(WinSysPathSysFile),$(DLLSelfRegister),,10/31/1996 0:00:00,22288,4.71.1441.1,"","",""

[Files]
File1=1,,CRYSTL32.OC_,CRYSTL32.OCX,$(WinSysPath),$(DLLSelfRegister),$(Shared),1/16/1997 0:00:00,187664,4.6.37.14,"","",""
File2=1,,CRPE32.DL_,CRPE32.DLL,$(WinSysPath),,$(Shared),11/20/1996 0:00:00,1846784,4.6.1.112,"","",""
File3=1,,IMPLODE.DL_,IMPLODE.DLL,$(WinSysPath),,$(Shared),11/18/1996 0:00:00,18944,1.0.0.1,"","",""
File4=1,,PG32.DL_,PG32.DLL,$(WinSysPath),,$(Shared),11/18/1996 0:00:00,979456,1.0.0.11,"","",""
File5=1,,CO2C40EN.DL_,CO2C40EN.DLL,$(WinSysPath),,$(Shared),11/18/1996 0:00:00,748160,4.6.1.106,"","",""
File6=1,,MSVCRT20.DL_,MSVCRT20.DLL,$(WinSysPathSysFile),,,7/31/1996 0:00:00,253952,2.11.0.0,"","",""
File7=1,,CRXLAT32.DL_,CRXLAT32.DLL,$(WinPath)\Crystal,,$(Shared),11/18/1996 0:00:00,39936,4.6.1.106,"","",""
File8=1,,P2BBND.DL_,P2BBND.DLL,$(WinSysPath),,$(Shared),11/18/1996 0:00:00,36352,4.6.1.106,"","",""
File9=1,,P2BDAO.DL_,P2BDAO.DLL,$(WinSysPath),,$(Shared),11/20/1996 0:00:00,87040,4.6.1.112,"","",""
File10=1,,P2CTDAO.DL_,P2CTDAO.DLL,$(WinSysPath),,$(Shared),11/18/1996 0:00:00,50176,4.6.1.106,"","",""
File11=1,,P2IRDAO.DL_,P2IRDAO.DLL,$(WinSysPath),,$(Shared),11/18/1996 0:00:00,54272,4.6.1.106,"","",""
File12=1,,P2SODBC.DL_,P2SODBC.DLL,$(WinSysPath),,$(Shared),11/18/1996 0:00:00,131072,4.6.1.106,"","",""
File13=1,,U2DDISK.DL_,U2DDISK.DLL,$(WinPath)\Crystal,,$(Shared),11/18/1996 0:00:00,45056,4.6.1.106,"","",""
File14=1,,U2DMAPI.DL_,U2DMAPI.DLL,$(WinPath)\Crystal,,$(Shared),11/18/1996 0:00:00,124256,4.6.1.106,"","",""
File15=1,,U2FCR.DL_,U2FCR.DLL,$(WinPath)\Crystal,,$(Shared),11/18/1996 0:00:00,97489,4.6.1.106,"","",""
File16=1,,U2FDIF.DL_,U2FDIF.DLL,$(WinPath)\Crystal,,$(Shared),11/18/1996 0:00:00,49152,4.6.1.106,"","",""
File17=1,,U2FHTML.DL_,U2FHTML.DLL,$(WinPath)\Crystal,,$(Shared),11/18/1996 0:00:00,109568,4.6.1.106,"","",""
File18=1,,U2FREC.DL_,U2FREC.DLL,$(WinPath)\Crystal,,$(Shared),11/18/1996 0:00:00,49152,4.6.1.106,"","",""
File19=1,,U2FRTF.DL_,U2FRTF.DLL,$(WinPath)\Crystal,,$(Shared),11/18/1996 0:00:00,153761,4.6.1.106,"","",""
File20=1,,U2FSEPV.DL_,U2FSEPV.DLL,$(WinPath)\Crystal,,$(Shared),11/18/1996 0:00:00,53248,4.6.1.106,"","",""
File21=1,,U2FTEXT.DL_,U2FTEXT.DLL,$(WinPath)\Crystal,,$(Shared),11/18/1996 0:00:00,53248,4.6.1.106,"","",""
File22=1,,U2FWKS.DL_,U2FWKS.DLL,$(WinPath)\Crystal,,$(Shared),11/18/1996 0:00:00,53248,4.6.1.106,"","",""
File23=1,,U2FWORDW.DL_,U2FWORDW.DLL,$(WinPath)\Crystal,,$(Shared),11/18/1996 0:00:00,69632,4.6.1.106,"","",""
File24=1,,U2FXLS.DL_,U2FXLS.DLL,$(WinPath)\Crystal,,$(Shared),11/18/1996 0:00:00,69632,4.6.1.106,"","",""
File25=1,,TABCTL32.OC_,TABCTL32.OCX,$(WinSysPath),$(DLLSelfRegister),$(Shared),7/19/1997 16:01:18,192784,5.1.43.19,"","",""
File26=1,,MSFLXGRD.OC_,MSFLXGRD.OCX,$(WinSysPath),$(DLLSelfRegister),$(Shared),7/19/1997 16:00:46,227600,5.1.43.19,"","",""
File27=1,,DBLIST32.OC_,DBLIST32.OCX,$(WinSysPath),$(DLLSelfRegister),$(Shared),9/17/1997 21:07:40,204048,5.1.45.11,"","",""
File28=1,,COMDLG32.OC_,COMDLG32.OCX,$(WinSysPath),$(DLLSelfRegister),$(Shared),7/19/1997 16:00:32,129808,5.1.43.19,"","",""
File29=1,,COMCTL32.OC_,COMCTL32.OCX,$(WinSysPath),$(DLLSelfRegister),$(Shared),7/19/1997 16:00:28,604432,5.1.43.19,"","",""
File30=1,,MSCHART.OC_,MSCHART.OCX,$(WinSysPath),$(DLLSelfRegister),$(Shared),1/16/1997 0:00:00,958224,5.0.37.14,"","",""
File31=1,,VSOCX32.OC_,VSOCX32.OCX,$(WinSysPath),$(DLLSelfRegister),$(Shared),11/17/1997 22:47:46,151552,5.0.5.50,"","",""
File32=1,,dao2535.tl_,dao2535.tlb,$(MSDAOPath),$(TLBRegister),$(Shared),8/20/1998 0:00:00,73184,,"","",""
File33=1,,DAO350.dl_,DAO350.dll,$(MSDAOPath),$(DLLSelfRegister),$(Shared),12/2/1996 18:44:28,582144,3.50.3602.0,"","",""
File34=1,,MSJtEr35.dl_,MSJtEr35.dll,$(WinSysPathSysFile),,,8/20/1998 0:00:00,24848,3.51.623.0,"","",""
File35=1,,MSJInt35.dl_,MSJInt35.dll,$(WinSysPathSysFile),,,8/20/1998 0:00:00,123664,3.51.623.0,"","",""
File36=1,,MSVCRT40.dl_,MSVCRT40.dll,$(WinSysPathSysFile),,,7/31/1996 0:00:00,326656,4.10.0.6038,"","",""
File37=1,,DBGRID32.OC_,DBGRID32.OCX,$(WinSysPath),$(DLLSelfRegister),$(Shared),9/25/1997 14:18:12,520192,5.1.45.25,"","",""
File38=1,,VSOCX6.OC_,VSOCX6.OCX,$(WinSysPath),,$(Shared),3/27/1998 15:06:54,244224,6.0.0.10,"","",""
File39=1,,Environ.dl_,Environ.dll,$(WinSysPath),,$(Shared),3/21/1999 22:52:00,259072,,"","",""
File40=1,,Mosdap32.dl_,Mosdap32.dll,$(WinSysPath),,$(Shared),12/13/1998 20:20:06,127488,,"","",""
File41=1,,AITOOL.DL_,AITOOL.DLL,$(WinSysPath),$(DLLSelfRegister),$(Shared),1/16/1997 0:00:00,82944,1.0.0.3716,"","",""
File42=1,,Environ2001.ex_,Environ2001.exe,$(AppPath),,,4/14/1999 21:04:24,133632,1.0.0.0,"","Environ2001","$(AppPath)\Environ2001.exe"
File43=1,,Environ2001.de_,Environ2001.dep,$(AppPath),,,4/14/1999 20:24:14,20588,1.0.0.0,"","",""
File44=1,,MSJet35.dl_,MSJet35.dll,$(WinSysPathSysFile),$(DLLSelfRegister),,8/20/1998 0:00:00,1045776,3.51.623.4,"","",""
File45=1,,VBAJet32.dl_,VBAJet32.dll,$(WinSysPathSysFile),,,1/22/1997 15:47:26,18192,5.0.0.7122,"","",""
File46=1,,VB5DB.dl_,VB5DB.dll,$(WinSysPath),,$(Shared),1/24/1997 0:00:00,78608,5.0.37.24,"","",""
File47=1,,MSRD2x35.dl_,MSRD2x35.dll,$(WinSysPathSysFile),$(DLLSelfRegister),,8/20/1998 0:00:00,252176,3.51.623.0,"","",""
File48=1,,MsRepl35.dl_,MsRepl35.dll,$(WinSysPathSysFile),,,8/20/1998 0:00:00,407312,3.51.623.0,"","",""
File49=1,,ODBCJt32.dl_,ODBCJt32.dll,$(WinSysPathSysFile),,,12/5/1996 0:00:00,241664,3.50.3602.0,"","",""
File50=1,,ODBCJI32.dl_,ODBCJI32.dll,$(WinSysPathSysFile),,,12/5/1996 0:00:00,37888,3.50.3602.0,"","",""
File51=1,,ODBCTL32.dl_,ODBCTL32.dll,$(WinSysPathSysFile),,,12/5/1996 0:00:00,77824,3.50.3602.0,"","",""
File52=1,,MSPDOX35.DL_,MSPDOX35.DLL,$(WinSysPathSysFile),$(DLLSelfRegister),,12/5/1996 0:00:00,253952,3.50.3602.0,"","",""
File53=1,,Pearls.hl_,Pearls.hlp,$(AppPath),,,7/4/1998 17:17:40,55574,,"","",""
File54=1,,Pearls.ex_,Pearls.exe,$(AppPath),,,4/14/1999 21:08:52,1731072,1.0.0.37,"","",""
File55=1,,Pearls.de_,Pearls.dep,$(AppPath),,,4/14/1999 19:19:12,16141,1.0.0.36,"","",""
File56=1,,pearls.de1,pearls.def,$(AppPath),,,4/14/1999 20:57:20,0,,"","",""
File57=1,,chemone.rp_,chemone.rpt,$(AppPath),,,4/6/1999 17:11:38,24089,,"","",""
File58=1,,chem.rp_,chem.rpt,$(AppPath),,,4/6/1999 17:09:52,24376,,"","",""
File59=1,,pearls.ic_,pearls.ico,$(AppPath),,,5/31/1996 12:05:20,766,,"","",""
File60=1,,prop.rp_,prop.rpt,$(AppPath),,,4/6/1999 17:27:06,27334,,"","",""
File61=1,,Dcut.ex_,Dcut.exe,$(AppPath),,,4/14/1999 21:03:50,626688,1.0.0.0,"","",""
File62=1,,Dcut.de_,Dcut.dep,$(AppPath),,,4/14/1999 18:19:12,5606,1.0.0.0,"","",""
File63=1,,dcut.in_,dcut.ini,$(AppPath),,,11/9/1998 18:17:42,169,,"","",""
File64=1,,DBManager.ex_,DBManager.exe,$(AppPath),,,4/14/1999 20:58:02,633856,1.0.0.0,"","",""
File65=1,,DBManager.de_,DBManager.dep,$(AppPath),,,4/14/1999 20:09:10,11268,1.0.0.0,"","",""
File66=1,,Ambrose.da_,Ambrose.dat,$(AppPath)\dat,,,4/6/1999 16:11:02,856,,"","",""
File67=1,,Boethling.da_,Boethling.dat,$(AppPath)\dat,,,1/28/1999 16:45:28,738,,"","",""
File68=1,,Fedors.da_,Fedors.dat,$(AppPath)\dat,,,3/28/1999 6:13:04,791,,"","",""
File69=1,,Hine&Moo.da_,Hine&Moo.dat,$(AppPath)\dat,,,2/22/1999 13:08:16,1600,,"","",""
File70=1,,Joback.da_,Joback.dat,$(AppPath)\dat,,,3/27/1999 16:11:44,741,,"","",""
File71=1,,LeBas.da_,LeBas.dat,$(AppPath)\dat,,,3/27/1999 16:08:18,538,,"","",""
File72=1,,Lydersen.da_,Lydersen.dat,$(AppPath)\dat,,,3/27/1999 16:04:52,812,,"","",""
File73=1,,Pintar.da_,Pintar.dat,$(AppPath)\dat,,,2/22/1999 13:07:54,706,,"","",""
File74=1,,Reicheberg.da_,Reicheberg.dat,$(AppPath)\dat,,,3/27/1999 16:00:50,501,,"","",""
File75=1,,Unifac.da_,Unifac.dat,$(AppPath)\dat,,,2/22/1999 13:04:48,1844,,"","",""
File76=1,,randq.da_,randq.dat,$(AppPath),,,3/27/1999 15:18:00,6336,,"","",""
File77=1,,alle.da_,alle.dat,$(AppPath),,,3/27/1999 15:18:00,11191,,"","",""
File78=1,,avle.da_,avle.dat,$(AppPath),,,3/27/1999 15:18:00,34874,,"","",""
File79=1,,dbman.de_,dbman.def,$(AppPath),,,4/14/1999 21:02:36,43,,"","",""
File80=1,,aenv.da_,aenv.dat,$(AppPath),,,3/27/1999 15:18:00,34874,,"","",""
File81=1,,Methods.md_,Methods.mdb,$(AppPath),,,3/30/1999 17:36:30,165888,,"","",""
File82=1,,Master.md_,Master.mdb,$(AppPath),,,4/14/1999 21:02:36,23101440,,"","",""
File83=1,,Block5.md_,Block5.mdb,$(AppPath),,,4/14/1999 11:54:04,3112960,,"","",""
File84=1,,DBsave.md_,DBsave.mdb,$(AppPath),,,2/16/1999 17:56:26,360448,,"","",""
File85=1,,Temp.md_,Temp.mdb,$(AppPath),,,4/13/1999 16:38:28,98304,,"","",""
File86=1,,demo.pr_,demo.prl,$(AppPath),,,8/20/1998 17:19:40,360448,,"","",""

[Setup]
Title=Environ2001
DefProgramGroup=Environ2001
DefaultDir=$(ProgramFiles)\Environ2001
Setup=setup1.exe
AppExe=Environ2001.exe
AppToUninstall=Environ2001.exe
AppPath=

; The following lines may be deleted in order to obtain extra 
; space for customizing this file on a full installation diskette.
; 
; XXXXXXXXXXXXXXXXXXXXXXXXXXXXXXXXXXXXXXXXXXXXXXXXXXXXXXXXXXXX
; XXXXXXXXXXXXXXXXXXXXXXXXXXXXXXXXXXXXXXXXXXXXXXXXXXXXXXXXXXXX
; XXXXXXXXXXXXXXXXXXXXXXXXXXXXXXXXXXXXXXXXXXXXXXXXXXXXXXXXXXXX
; XXXXXXXXXXXXXXXXXXXXXXXXXXXXXXXXXXXXXXXXXXXXXXXXXXXXXXXXXXXX
; XXXXXXXXXXXXXXXXXXXXXXXXXXXXXXXXXXXXXXXXXXXXXXXXXXXXXXXXXXXX
; XXXXXXXXXXXXXXXXXXXXXXXXXXXXXXXXXXXXXXXXXXXXXXXXXXXXXXXXXXXX
; XXXXXXXXXXXXXXXXXXXXXXXXXXXXXXXXXXXXXXXXXXXXXXXXXXXXXXXXXXXX
; XXXXXXXXXXXXXXXXXXXXXXXXXXXXXXXXXXXXXXXXXXXXXXXXXXXXXXXXXXXX
; XXXXXXXXXXXXXXXXXXXXXXXXXXXXXXXXXXXXXXXXXXXXXXXXXXXXXXXXXXXX
; XXXXXXXXXXXXXXXXXXXXXXXXXXXXXXXXXXXXXXXXXXXXXXXXXXXXXXXXXXXX
; XXXXXXXXXXXXXXXXXXXXXXXXXXXXXXXXXXXXXXXXXXXXXXXXXXXXXXXXXXXX
; XXXXXXXXXXXXXXXXXXXXXXXXXXXXXXXXXXXXXXXXXXXXXXXXXXXXXXXXXXXX
; XXXXXXXXXXXXXXXXXXXXXXXXXXXXXXXXXXXXXXXXXXXXXXXXXXXXXXXXXXXX
; XXXXXXXXXXXXXXXXXXXXXXXXXXXXXXXXXXXXXXXXXXXXXXXXXXXXXXXXXXXX
; XXXXXXXXXXXXXXXXXXXXXXXXXXXXXXXXXXXXXXXXXXXXXXXXXXXXXXXXXXXX
; XXXXXXXXXXXXXXXXXXXXXXXXXXXXXXXXXXXXXXXXXXXXXXXXXXXXXXXXXXXX
; XXXXXXXXXXXXXXXXXXXXXXXXXXXXXXXXXXXXXXXXXXXXXXXXXXXXXXXXXXXX
; XXXXXXXXXXXXXXXXXXXXXXXXXXXXXXXXXXXXXXXXXXXXXXXXXXXXXXXXXXXX
; XXXXXXXXXXXXXXXXXXXXXXXXXXXXXXXXXXXXXXXXXXXXXXXXXXXXXXXXXXXX
; XXXXXXXXXXXXXXXXXXXXXXXXXXXXXXXXXXXXXXXXXXXXXXXXXXXXXXXXXXXX
; XXXXXXXXXXXXXXXXXXXXXXXXXXXXXXXXXXXXXXXXXXXXXXXXXXXXXXXXXXXX
; XXXXXXXXXXXXXXXXXXXXXXXXXXXXXXXXXXXXXXXXXXXXXXXXXXXXXXXXXXXX
; XXXXXXXXXXXXXXXXXXXXXXXXXXXXXXXXXXXXXXXXXXXXXXXXXXXXXXXXXXXX
; XXXXXXXXXXXXXXXXXXXXXXXXXXXXXXXXXXXXXXXXXXXXXXXXXXXXXXXXXXXX
; XXXXXXXXXXXXXXXXXXXXXXXXXXXXXXXXXXXXXXXXXXXXXXXXXXXXXXXXXXXX
; XXXXXXXXXXXXXXXXXXXXXXXXXXXXXXXXXXXXXXXXXXXXXXXXXXXXXXXXXXXX
; XXXXXXXXXXXXXXXXXXXXXXXXXXXXXXXXXXXXXXXXXXXXXXXXXXXXXXXXXXXX
; XXXXXXXXXXXXXXXXXXXXXXXXXXXXXXXXXXXXXXXXXXXXXXXXXXXXXXXXXXXX
; XXXXXXXXXXXXXXXXXXXXXXXXXXXXXXXXXXXXXXXXXXXXXXXXXXXXXXXXXXXX
; XXXXXXXXXXXXXXXXXXXXXXXXXXXXXXXXXXXXXXXXXXXXXXXXXXXXXXXXXXXX
; XXXXXXXXXXXXXXXXXXXXXXXXXXXXXXXXXXXXXXXXXXXXXXXXXXXXXXXXXXXX
; XXXXXXXXXXXXXXXXXXXXXXXXXXXXXXXXXXXXXXXXXXXXXXXXXXXXXXXXXXXX
; XXXXXXXXXXXXXXXXXXXXXXXXXXXXXXXXXXXXXXXXXXXXXXXXXXXXXXXXXXXX
; XXXXXXXXXXXXXXXXXXXXXXXXXXXXXXXXXXXXXXXXXXXXXXXXXXXXXXXXXXXX
; XXXXXXXXXXXXXXXXXXXXXXXXXXXXXXXXXXXXXXXXXXXXXXXXXXXXXXXXXXXX
; XXXXXXXXXXXXXXXXXXXXXXXXXXXXXXXXXXXXXXXXXXXXXXXXXXXXXXXXXXXX
; XXXXXXXXXXXXXXXXXXXXXXXXXXXXXXXXXXXXXXXXXXXXXXXXXXXXXXXXXXXX
; XXXXXXXXXXXXXXXXXXXXXXXXXXXXXXXXXXXXXXXXXXXXXXXXXXXXXXXXXXXX
; XXXXXXXXXXXXXXXXXXXXXXXXXXXXXXXXXXXXXXXXXXXXXXXXXXXXXXXXXXXX
; XXXXXXXXXXXXXXXXXXXXXXXXXXXXXXXXXXXXXXXXXXXXXXXXXXXXXXXXXXXX
; XXXXXXXXXXXXXXXXXXXXXXXXXXXXXXXXXXXXXXXXXXXXXXXXXXXXXXXXXXXX
; XXXXXXXXXXXXXXXXXXXXXXXXXXXXXXXXXXXXXXXXXXXXXXXXXXXXXXXXXXXX
; XXXXXXXXXXXXXXXXXXXXXXXXXXXXXXXXXXXXXXXXXXXXXXXXXXXXXXXXXXXX
; XXXXXXXXXXXXXXXXXXXXXXXXXXXXXXXXXXXXXXXXXXXXXXXXXXXXXXXXXXXX
; XXXXXXXXXXXXXXXXXXXXXXXXXXXXXXXXXXXXXXXXXXXXXXXXXXXXXXXXXXXX
; XXXXXXXXXXXXXXXXXXXXXXXXXXXXXXXXXXXXXXXXXXXXXXXXXXXXXXXXXXXX
; XXXXXXXXXXXXXXXXXXXXXXXXXXXXXXXXXXXXXXXXXXXXXXXXXXXXXXXXXXXX
; XXXXXXXXXXXXXXXXXXXXXXXXXXXXXXXXXXXXXXXXXXXXXXXXXXXXXXXXXXXX
; XXXXXXXXXXXXXXXXXXXXXXXXXXXXXXXXXXXXXXXXXXXXXXXXXXXXXXXXXXXX
; XXXXXXXXXXXXXXXXXXXXXXXXXXXXXXXXXXXXXXXXXXXXXXXXXXXXXXXXXXXX
; XXXXXXXXXXXXXXXXXXXXXXXXXXXXXXXXXXXXXXXXXXXXXXXXXXXXXXXXXXXX
; XXXXXXXXXXXXXXXXXXXXXXXXXXXXXXXXXXXXXXXXXXXXXXXXXXXXXXXXXXXX
; XXXXXXXXXXXXXXXXXXXXXXXXXXXXXXXXXXXXXXXXXXXXXXXXXXXXXXXXXXXX
; XXXXXXXXXXXXXXXXXXXXXXXXXXXXXXXXXXXXXXXXXXXXXXXXXXXXXXXXXXXX
; XXXXXXXXXXXXXXXXXXXXXXXXXXXXXXXXXXXXXXXXXXXXXXXXXXXXXXXXXXXX
; XXXXXXXXXXXXXXXXXXXXXXXXXXXXXXXXXXXXXXXXXXXXXXXXXXXXXXXXXXXX
; XXXXXXXXXXXXXXXXXXXXXXXXXXXXXXXXXXXXXXXXXXXXXXXXXXXXXXXXXXXX
; XXXXXXXXXXXXXXXXXXXXXXXXXXXXXXXXXXXXXXXXXXXXXXXXXXXXXXXXXXXX
; XXXXXXXXXXXXXXXXXXXXXXXXXXXXXXXXXXXXXXXXXXXXXXXXXXXXXXXXXXXX
; XXXXXXXXXXXXXXXXXXXXXXXXXXXXXXXXXXXXXXXXXXXXXXXXXXXXXXXXXXXX
; XXXXXXXXXXXXXXXXXXXXXXXXXXXXXXXXXXXXXXXXXXXXXXXXXXXXXXXXXXXX
; XXXXXXXXXXXXXXXXXXXXXXXXXXXXXXXXXXXXXXXXXXXXXXXXXXXXXXXXXXXX
; XXXXXXXXXXXXXXXXXXXXXXXXXXXXXXXXXXXXXXXXXXXXXXXXXXXXXXXXXXXX
; XXXXXXXXXXXXXXXXXXXXXXXXXXXXXXXXXXXXXXXXXXXXXXXXXXXXXXXXXXXX
; XXXXXXXXXXXXXXXXXXXXXXXXXXXXXXXXXXXXXXXXXXXXXXXXXXXXXXXXXXXX
; XXXXXXXXXXXXXXXXXXXXXXXXXXXXXXXXXXXXXXXXXXXXXXXXXXXXXXXXXXXX
; XXXXXXXXXXXXXXXXXXXXXXXXXXXXXXXXXXXXXXXXXXXXXXXXXXXXXXXXXXXX
; XXXXXXXXXXXXXXXXXXXXXXXXXXXXXXXXXXXXXXXXXXXXXXXXXXXXXXXXXXXX
; XXXXXXXXXXXXXXXXXXXXXXXXXXXXXXXXXXXXXXXXXXXXXXXXXXXXXXXXXXXX
; XXXXXXXXXXXXXXXXXXXXXXXXXXXXXXXXXXXXXXXXXXXXXXXXXXXXXXXXXXXX
; XXXXXXXXXXXXXXXXXXXXXXXXXXXXXXXXXXXXXXXXXXXXXXXXXXXXXXXXXXXX
; XXXXXXXXXXXXXXXXXXXXXXXXXXXXXXXXXXXXXXXXXXXXXXXXXXXXXXXXXXXX
; XXXXXXXXXXXXXXXXXXXXXXXXXXXXXXXXXXXXXXXXXXXXXXXXXXXXXXXXXXXX
; XXXXXXXXXXXXXXXXXXXXXXXXXXXXXXXXXXXXXXXXXXXXXXXXXXXXXXXXXXXX
; XXXXXXXXXXXXXXXXXXXXXXXXXXXXXXXXXXXXXXXXXXXXXXXXXXXXXXXXXXXX
; XXXXXXXXXXXXXXXXXXXXXXXXXXXXXXXXXXXXXXXXXXXXXXXXXXXXXXXXXXXX
; XXXXXXXXXXXXXXXXXXXXXXXXXXXXXXXXXXXXXXXXXXXXXXXXXXXXXXXXXXXX
; XXXXXXXXXXXXXXXXXXXXXXXXXXXXXXXXXXXXXXXXXXXXXXXXXXXXXXXXXXXX
; XXXXXXXXXXXXXXXXXXXXXXXXXXXXXXXXXXXXXXXXXXXXXXXXXXXXXXXXXXXX
; XXXXXXXXXXXXXXXXXXXXXXXXXXXXXXXXXXXXXXXXXXXXXXXXXXXXXXXXXXXX
; XXXXXXXXXXXXXXXXXXXXXXXXXXXXXXXXXXXXXXXXXXXXXXXXXXXXXXXXXXXX
; XXXXXXXXXXXXXXXXXXXXXXXXXXXXXXXXXXXXXXXXXXXXXXXXXXXXXXXXXXXX
; XXXXXXXXXXXXXXXXXXXXXXXXXXXXXXXXXXXXXXXXXXXXXXXXXXXXXXXXXXXX
; XXXXXXXXXXXXXXXXXXXXXXXXXXXXXXXXXXXXXXXXXXXXXXXXXXXXXXXXXXXX
; XXXXXXXXXXXXXXXXXXXXXXXXXXXXXXXXXXXXXXXXXXXXXXXXXXXXXXXXXXXX
; XXXXXXXXXXXXXXXXXXXXXXXXXXXXXXXXXXXXXXXXXXXXXXXXXXXXXXXXXXXX
